{
  "schema": 1,
  "mode": "report",
  "version": "scanner-verification-9m66ero2",
  "python": "3.12.14",
  "platform": "Linux-6.17.0-1022-azure-x86_64-with-glibc2.39",
  "workers": 2500,
  "accounts": 180000,
  "pages_per_direction": 12,
  "members_per_page": 20,
  "raw_enabled": true,
  "latency_model_seconds": 0.02,
  "proxy_routes": 0,
  "network": "HTTPX MockTransport; no TCP/TLS/service measurements",
  "startup_seconds": 0.419748831000021,
  "fixture_seconds": 8.796008276999999,
  "resume_seconds": 0.30715194100000076,
  "checkpoint_mean_seconds": 0.01132594485000169,
  "summary_mean_seconds": 0.004801580139999828,
  "retry_candidates": 3600,
  "failed_lookup_seconds": 0.00022070699998266718,
  "html_generation_seconds": 10.237080082999967,
  "html_bytes": 19324257,
  "report_path": "/home/runner/work/_temp/scanner-verification-9m66ero2/results/report_ppr5lot5/report_report_ppr5lot5.html",
  "total_seconds": 20.48972663500001,
  "cpu_seconds": 18.082613567,
  "cpu_percent_one_core": 88.25209769324964,
  "peak_rss_mib": 471.2734375
}
