{
  "schema": 1,
  "mode": "report",
  "version": "scanner-verification-wmxolm3f",
  "python": "3.12.14",
  "platform": "Linux-6.17.0-1022-azure-x86_64-with-glibc2.39",
  "workers": 2500,
  "accounts": 180000,
  "pages_per_direction": 12,
  "members_per_page": 20,
  "raw_enabled": true,
  "latency_model_seconds": 0.02,
  "proxy_routes": 0,
  "network": "HTTPX MockTransport; no TCP/TLS/service measurements",
  "startup_seconds": 0.10872389499999713,
  "fixture_seconds": 9.637756479000018,
  "resume_seconds": 0.3963357209999856,
  "checkpoint_mean_seconds": 0.008246240000002559,
  "summary_mean_seconds": 0.006042590099999927,
  "retry_candidates": 3600,
  "failed_lookup_seconds": 0.0002613639999822226,
  "html_generation_seconds": 12.298727767999992,
  "html_bytes": 19323736,
  "report_path": "/home/runner/work/_temp/scanner-verification-wmxolm3f/results/report_1vx2q871/report_report_1vx2q871.html",
  "total_seconds": 23.14782886400002,
  "cpu_seconds": 22.929914782,
  "cpu_percent_one_core": 99.05859818093384,
  "peak_rss_mib": 471.03125
}
