{
  "schema": 1,
  "mode": "report",
  "version": "scanner-verification-ksadht53",
  "python": "3.12.14",
  "platform": "Linux-6.17.0-1022-azure-x86_64-with-glibc2.39",
  "workers": 2500,
  "accounts": 180000,
  "pages_per_direction": 12,
  "members_per_page": 20,
  "raw_enabled": true,
  "latency_model_seconds": 0.02,
  "proxy_routes": 0,
  "network": "HTTPX MockTransport; no TCP/TLS/service measurements",
  "startup_seconds": 0.21743965199999593,
  "fixture_seconds": 10.918974897999988,
  "resume_seconds": 0.39800438599999666,
  "checkpoint_mean_seconds": 0.00844794489999714,
  "summary_mean_seconds": 0.005899743989999991,
  "retry_candidates": 3600,
  "failed_lookup_seconds": 0.00019828999998594554,
  "html_generation_seconds": 15.180157693000012,
  "html_bytes": 19324258,
  "report_path": "/home/runner/work/_temp/scanner-verification-ksadht53/results/report_kihr294v/report_report_kihr294v.html",
  "total_seconds": 27.301852669,
  "cpu_seconds": 27.013664157,
  "cpu_percent_one_core": 98.944436058996,
  "peak_rss_mib": 471.56640625
}
