{
  "schema": 1,
  "mode": "report",
  "version": "scanner-verification-ksadht53",
  "python": "3.12.14",
  "platform": "Linux-6.17.0-1022-azure-x86_64-with-glibc2.39",
  "workers": 2500,
  "accounts": 180000,
  "pages_per_direction": 12,
  "members_per_page": 20,
  "raw_enabled": true,
  "latency_model_seconds": 0.02,
  "proxy_routes": 0,
  "network": "HTTPX MockTransport; no TCP/TLS/service measurements",
  "startup_seconds": 0.10305629600000543,
  "fixture_seconds": 11.046830126999993,
  "resume_seconds": 0.40196076500001254,
  "checkpoint_mean_seconds": 0.008567531200000644,
  "summary_mean_seconds": 0.00594648334000027,
  "retry_candidates": 3600,
  "failed_lookup_seconds": 0.00021669500000598418,
  "html_generation_seconds": 15.148611863000013,
  "html_bytes": 19323743,
  "report_path": "/home/runner/work/_temp/scanner-verification-ksadht53/results/report_5mp6pjg_/report_report_5mp6pjg_.html",
  "total_seconds": 27.40857305100002,
  "cpu_seconds": 27.126369888000003,
  "cpu_percent_one_core": 98.97038360050736,
  "peak_rss_mib": 470.96484375
}
