{
  "version": "scanner-verification-4taxvl2_",
  "python": "3.12.14",
  "scope": "local only; no upstream service measured",
  "parse_page_mean_seconds": 3.245188325000754e-05,
  "serialize_page_mean_seconds": 0.00010798941500002001,
  "clean_page_mean_seconds": 5.7948062800005574e-05,
  "normalize_page_mean_seconds": 5.472221330001048e-05,
  "atomic_json_mean_seconds": 0.000868988370000352,
  "parse_proxy_mean_seconds": 8.612629049991938e-06,
  "member_commit_page_mean_seconds": 0.0007081129899997905,
  "duplicate_page_mean_seconds": 0.00037604265199979637,
  "member_rows": 10000,
  "wire_0_proxies": {
    "seconds": 3.027747753000085,
    "requests_per_second": 211.37824290872555,
    "requests": 640,
    "successes": 640,
    "failures": 0,
    "retries": 0,
    "timeouts": 0,
    "latency_mean_ms": 149.48046147187384,
    "latency_p95_ms": 337.8524689999267,
    "client_count": 1,
    "tcp_tls_connections": 24,
    "connect_tunnels": 0,
    "requests_per_connection": 26.666666666666668,
    "peak_in_flight": 32,
    "cpu_seconds": 3.0261270099999997
  },
  "wire_1_proxies": {
    "seconds": 3.666346835000013,
    "requests_per_second": 174.56068091823008,
    "requests": 640,
    "successes": 640,
    "failures": 0,
    "retries": 0,
    "timeouts": 0,
    "latency_mean_ms": 181.00882014531265,
    "latency_p95_ms": 404.15744200004156,
    "client_count": 1,
    "tcp_tls_connections": 32,
    "connect_tunnels": 32,
    "requests_per_connection": 20.0,
    "peak_in_flight": 32,
    "cpu_seconds": 3.6660398800000005
  },
  "wire_4_proxies": {
    "seconds": 1.372262666000097,
    "requests_per_second": 466.383015334438,
    "requests": 640,
    "successes": 640,
    "failures": 0,
    "retries": 0,
    "timeouts": 0,
    "latency_mean_ms": 67.54325586719325,
    "latency_p95_ms": 139.44368700003906,
    "client_count": 4,
    "tcp_tls_connections": 32,
    "connect_tunnels": 32,
    "requests_per_connection": 20.0,
    "peak_in_flight": 32,
    "cpu_seconds": 1.3717599930000013
  },
  "peak_rss_mib": 63.6796875
}
