{
  "version": "scanner-verification-4taxvl2_",
  "python": "3.12.14",
  "scope": "local only; no upstream service measured",
  "parse_page_mean_seconds": 3.2133112600001824e-05,
  "serialize_page_mean_seconds": 0.00010892857399994681,
  "clean_page_mean_seconds": 5.839628100002301e-05,
  "normalize_page_mean_seconds": 5.092940210001871e-05,
  "atomic_json_mean_seconds": 0.00089497233999964,
  "parse_proxy_mean_seconds": 8.556690099999287e-06,
  "member_commit_page_mean_seconds": 0.0007150335579999592,
  "duplicate_page_mean_seconds": 0.00037612631799993325,
  "member_rows": 10000,
  "wire_0_proxies": {
    "seconds": 3.124299793000091,
    "requests_per_second": 204.84589905037367,
    "requests": 640,
    "successes": 640,
    "failures": 0,
    "retries": 0,
    "timeouts": 0,
    "latency_mean_ms": 154.195489909376,
    "latency_p95_ms": 357.0022639999024,
    "client_count": 1,
    "tcp_tls_connections": 24,
    "connect_tunnels": 0,
    "requests_per_connection": 26.666666666666668,
    "peak_in_flight": 32,
    "cpu_seconds": 3.1227343409999997
  },
  "wire_1_proxies": {
    "seconds": 4.346434267999939,
    "requests_per_second": 147.24713651185692,
    "requests": 640,
    "successes": 640,
    "failures": 0,
    "retries": 0,
    "timeouts": 0,
    "latency_mean_ms": 214.6508737687455,
    "latency_p95_ms": 417.8952099998696,
    "client_count": 1,
    "tcp_tls_connections": 32,
    "connect_tunnels": 32,
    "requests_per_connection": 20.0,
    "peak_in_flight": 32,
    "cpu_seconds": 4.345019273
  },
  "wire_4_proxies": {
    "seconds": 1.4510653869999715,
    "requests_per_second": 441.05524515554623,
    "requests": 640,
    "successes": 640,
    "failures": 0,
    "retries": 0,
    "timeouts": 0,
    "latency_mean_ms": 71.43974189218767,
    "latency_p95_ms": 161.93971300003795,
    "client_count": 4,
    "tcp_tls_connections": 32,
    "connect_tunnels": 32,
    "requests_per_connection": 20.0,
    "peak_in_flight": 32,
    "cpu_seconds": 1.450841217999999
  },
  "peak_rss_mib": 62.671875
}
