{
  "schema": 1,
  "mode": "report",
  "version": "scanner-verification-8vn9_xzd",
  "python": "3.12.14",
  "platform": "Linux-6.17.0-1022-azure-x86_64-with-glibc2.39",
  "workers": 2500,
  "accounts": 180000,
  "pages_per_direction": 12,
  "members_per_page": 20,
  "raw_enabled": true,
  "latency_model_seconds": 0.02,
  "proxy_routes": 0,
  "network": "HTTPX MockTransport; no TCP/TLS/service measurements",
  "startup_seconds": 0.1068344800000034,
  "fixture_seconds": 10.89041472999999,
  "resume_seconds": 0.39467757399999925,
  "checkpoint_mean_seconds": 0.008763682849998133,
  "summary_mean_seconds": 0.006113356259999989,
  "retry_candidates": 3600,
  "failed_lookup_seconds": 0.00027129200000786113,
  "html_generation_seconds": 15.349389863999988,
  "html_bytes": 19323743,
  "report_path": "/home/runner/work/_temp/scanner-verification-8vn9_xzd/results/report_dicxbc4y/report_report_dicxbc4y.html",
  "total_seconds": 27.47015801299999,
  "cpu_seconds": 27.213897536,
  "cpu_percent_one_core": 99.06713140536463,
  "peak_rss_mib": 470.765625
}
