{
  "schema": 1,
  "mode": "report",
  "version": "scanner-verification-1mch3xx0",
  "python": "3.12.14",
  "platform": "Linux-6.17.0-1022-azure-x86_64-with-glibc2.39",
  "workers": 2500,
  "accounts": 180000,
  "pages_per_direction": 12,
  "members_per_page": 20,
  "raw_enabled": true,
  "latency_model_seconds": 0.02,
  "proxy_routes": 0,
  "network": "HTTPX MockTransport; no TCP/TLS/service measurements",
  "startup_seconds": 0.1435125910000039,
  "fixture_seconds": 10.96599953900001,
  "resume_seconds": 0.401067740000002,
  "checkpoint_mean_seconds": 0.0085214428500052,
  "summary_mean_seconds": 0.005962522750000119,
  "retry_candidates": 3600,
  "failed_lookup_seconds": 0.00022843800002192438,
  "html_generation_seconds": 15.583700330999989,
  "html_bytes": 19324258,
  "report_path": "/home/runner/work/_temp/scanner-verification-1mch3xx0/results/report_2w12cf2_/report_report_2w12cf2_.html",
  "total_seconds": 27.766529402000003,
  "cpu_seconds": 27.44503129,
  "cpu_percent_one_core": 98.84213793036429,
  "peak_rss_mib": 471.31640625
}
