GitHub run 36721917926 / commit 605e96d
Pristine upstream repeated on 2026-09-30 with real TimescaleDB PostgreSQL 17 and Redis 8.
2528 unit/replay PASS, 1 extraction-permission FAIL; 528 integration PASS.
The ZIP preserves 100755; Python extractall omitted chmod. Source code was unchanged.
=================================== FAILURES ===================================
2026-09-30T13:30:07.9639611Z ________ TestInstallScripts.test_both_scripts_exist_and_are_executable _________
2026-09-30T13:30:07.9640100Z 
2026-09-30T13:30:07.9640575Z self = <tests.unit.test_repo_hygiene.TestInstallScripts object at 0x7f6744aa9880>
2026-09-30T13:30:07.9641076Z 
2026-09-30T13:30:07.9641342Z     def test_both_scripts_exist_and_are_executable(self):
2026-09-30T13:30:07.9641868Z         for path in self.SCRIPTS:
2026-09-30T13:30:07.9642438Z             assert path.exists(), f"{path.relative_to(REPO)} is missing"
2026-09-30T13:30:07.9643331Z >           assert path.stat().st_mode & 0o111, f"{path.relative_to(REPO)} is not executable"
2026-09-30T13:30:07.9644169Z E           AssertionError: install/install.sh is not executable
2026-09-30T13:30:07.9644722Z E           assert (33188 & 73)
2026-09-30T13:30:07.9646108Z E            +  where 33188 = os.stat_result(st_mode=33188, st_ino=9444896, st_dev=2049, st_nlink=1, st_uid=1001, st_gid=1001, st_size=56177, st_atime=1790774969, st_mtime=1790774969, st_ctime=1790774969).st_mode
2026-09-30T13:30:07.9648370Z E            +    where os.stat_result(st_mode=33188, st_ino=9444896, st_dev=2049, st_nlink=1, st_uid=1001, st_gid=1001, st_size=56177, st_atime=1790774969, st_mtime=1790774969, st_ctime=1790774969) = stat()
2026-09-30T13:30:07.9650003Z E            +      where stat = PosixPath('/home/runner/work/tiktok-search/tiktok-search/upstream/install/install.sh').stat
2026-09-30T13:30:07.9650470Z 
2026-09-30T13:30:07.9650680Z tests/unit/test_repo_hygiene.py:819: AssertionError
2026-09-30T13:30:07.9651168Z =========================== short test summary info ============================
2026-09-30T13:30:07.9652179Z FAILED tests/unit/test_repo_hygiene.py::TestInstallScripts::test_both_scripts_exist_and_are_executable - AssertionError: install/install.sh is not executable
2026-09-30T13:30:07.9652902Z assert (33188 & 73)
2026-09-30T13:30:07.9653698Z  +  where 33188 = os.stat_result(st_mode=33188, st_ino=9444896, st_dev=2049, st_nlink=1, st_uid=1001, st_gid=1001, st_size=56177, st_atime=1790774969, st_mtime=1790774969, st_ctime=1790774969).st_mode
2026-09-30T13:30:07.9654975Z  +    where os.stat_result(st_mode=33188, st_ino=9444896, st_dev=2049, st_nlink=1, st_uid=1001, st_gid=1001, st_size=56177, st_atime=1790774969, st_mtime=1790774969, st_ctime=1790774969) = stat()
2026-09-30T13:30:07.9656014Z  +      where stat = PosixPath('/home/runner/work/tiktok-search/tiktok-search/upstream/install/install.sh').stat
2026-09-30T13:30:07.9656731Z 1 failed, 2528 passed in 18.01s
2026-09-30T13:30:09.0194968Z ##[error]Process completed with exit code 1.
2026-09-30T13:30:09.0252759Z ##[group]Run set -o pipefail
2026-09-30T13:30:09.0253102Z [36;1mset -o pipefail[0m
2026-09-30T13:30:09.0253385Z [36;1mexport DTK_CONSOLE_DIR="$PWD/web/dist"[0m
2026-09-30T13:30:09.0254029Z [36;1muv run pytest tests/integration -q -m integration --junitxml=baseline-integration.xml 2>&1 | tee baseline-integration.log[0m
2026-09-30T13:30:09.0318244Z shell: /usr/bin/bash --noprofile --norc -e -o pipefail {0}
2026-09-30T13:30:09.0318594Z env:
2026-09-30T13:30:09.0318903Z   DTK_SECRET_KEY: ci-secret-key-not-used-for-anything-real-0123456789
2026-09-30T13:30:09.0319635Z   DTK_DATABASE_URL: ***127.0.0.1:55432/dtk_test
2026-09-30T13:30:09.0319967Z   DTK_REDIS_URL: redis://127.0.0.1:56379/0
2026-09-30T13:30:09.0320280Z   DTK_DOWNLOADER_URL: http://127.0.0.1:59999
2026-09-30T13:30:09.0320574Z   UV_FROZEN: 1
2026-09-30T13:30:09.0320857Z   UV_PYTHON_INSTALL_DIR: /home/runner/work/_temp/uv-python-dir
2026-09-30T13:30:09.0321195Z   UV_PYTHON: 3.12
2026-09-30T13:30:09.0321486Z   UV_CACHE_DIR: /home/runner/work/_temp/setup-uv-cache
2026-09-30T13:30:09.0321993Z ##[endgroup]
2026-09-30T13:30:37.8456635Z ........................................................................ [ 13%]
2026-09-30T13:31:00.5347784Z ........................................................................ [ 27%]
2026-09-30T13:31:20.8801268Z ........................................................................ [ 40%]
2026-09-30T13:31:39.8956667Z ........................................................................ [ 54%]
2026-09-30T13:31:58.9003168Z ........................................................................ [ 68%]
2026-09-30T13:32:08.0643698Z ........................................................................ [ 81%]
2026-09-30T13:34:11.3760258Z ........................................................................ [ 95%]
2026-09-30T13:34:16.1447881Z ........................                                                 [100%]
2026-09-30T13:34:16.1450138Z 528 passed in 243.41s (0:04:03)
2026-09-30T13:34:24.4564577Z 
