{"result": "hybrid_measurements/matched/first_matched_worker_100.json", "seconds": 1.0782359629999974, "successful_rps": 278.2322332908504}
{"result": "hybrid_measurements/matched/first_matched_worker_500.json", "seconds": 1.0968908339999643, "successful_rps": 273.50032537514096}
{"result": "hybrid_measurements/matched/first_matched_worker_1000.json", "seconds": 1.1933356549999985, "successful_rps": 251.39615894574135}
{"result": "hybrid_measurements/matched/first_matched_worker_2500.json", "seconds": 1.262564891000011, "successful_rps": 237.6115494249059}
{"result": "hybrid_measurements/matched/first_matched_worker_5000.json", "seconds": 1.201279621000026, "successful_rps": 249.73369626487113}
{"result": "hybrid_measurements/matched/first_matched_worker_10kfollowers.json", "seconds": 4.467084210999985, "successful_rps": 224.08353026680905}
{"result": "hybrid_measurements/matched/first_matched_worker_1000accounts.json", "seconds": 11.472510995999983, "successful_rps": 261.4946284249353}
{"result": "hybrid_measurements/matched/first_matched_worker_10000accounts.json", "seconds": 121.17987138699999, "successful_rps": 247.56586763648238}
{"result": "hybrid_measurements/matched/first_matched_direct_100.json", "seconds": 1.4804629079999927, "successful_rps": 202.63932205183048}
{"result": "hybrid_measurements/matched/first_matched_direct_500.json", "seconds": 2.221702090000008, "successful_rps": 135.03160543005066}
{"result": "hybrid_measurements/matched/first_matched_direct_1000.json", "seconds": 2.0043658099999675, "successful_rps": 149.6732774542811}
{"result": "hybrid_measurements/matched/first_matched_direct_2500.json", "seconds": 2.1314906549999932, "successful_rps": 140.74657062008134}
{"result": "hybrid_measurements/matched/first_matched_direct_5000.json", "seconds": 1.7749466310000344, "successful_rps": 169.01916641345719}
{"result": "hybrid_measurements/matched/first_matched_direct_10kfollowers.json", "seconds": 4.575761513000032, "successful_rps": 125.22505781214127}
{"result": "hybrid_measurements/matched/first_matched_direct_1000accounts.json", "seconds": 15.286479861999965, "successful_rps": 196.25185308081146}
{"result": "hybrid_measurements/matched/first_matched_direct_10000accounts.json", "seconds": 165.23293569100008, "successful_rps": 181.56186522100293}
{"result": "hybrid_measurements/matched/first_matched_hybrid_100.json", "seconds": 1.7098743760000161, "successful_rps": 175.4514859166456}
{"result": "hybrid_measurements/matched/first_matched_hybrid_500.json", "seconds": 1.6127569389999508, "successful_rps": 186.01687132471804}
{"result": "hybrid_measurements/matched/first_matched_hybrid_1000.json", "seconds": 1.4081595180000477, "successful_rps": 213.04404519885497}
{"result": "hybrid_measurements/matched/first_matched_hybrid_2500.json", "seconds": 1.2471904399999403, "successful_rps": 240.54065071250415}
{"result": "hybrid_measurements/matched/first_matched_hybrid_5000.json", "seconds": 1.3155247590000272, "successful_rps": 228.0458789905556}
{"result": "hybrid_measurements/matched/first_matched_hybrid_10kfollowers.json", "seconds": 4.471149276999995, "successful_rps": 223.87979867933205}
{"result": "hybrid_measurements/matched/first_matched_hybrid_1000accounts.json", "seconds": 12.98028496400002, "successful_rps": 231.11973337413667}
