{
  "schema": 1,
  "mode": "scan",
  "version": "scanner_hybrid_rebuild_20260928",
  "python": "3.12.14",
  "platform": "Linux-6.18.44-x86_64-with-glibc2.39",
  "workers": 2500,
  "accounts": 100,
  "pages_per_direction": 3,
  "members_per_page": 20,
  "raw_enabled": true,
  "latency_model_seconds": 0.02,
  "proxy_routes": 0,
  "network": "HTTPX MockTransport; no TCP/TLS/service measurements",
  "startup_seconds": 0.03327215100000558,
  "dataset_import_seconds": 0.003962273000070127,
  "html_generation_seconds": 0.06462036200002785,
  "html_bytes": 51796,
  "resume_seconds": 0.005063253000002987,
  "scan_seconds": 1.7117651760000854,
  "total_requests": 700,
  "successful_requests": 700,
  "failed_requests": 0,
  "requests_per_second": 408.9345955942996,
  "successful_requests_per_second": 408.9345955942996,
  "failed_requests_per_second": 0,
  "accounts_per_second": 58.4192279420428,
  "accounts_per_minute": 3505.153676522568,
  "latency_mean_ms": 20.362837471428097,
  "latency_median_ms": 20.27314499997601,
  "latency_p95_ms": 20.916555999974662,
  "latency_p99_ms": 21.32428200002323,
  "event_loop_p95_ms": 0.951808000063465,
  "event_loop_max_ms": 2.727200999952401,
  "peak_cpu_percent_one_core": 134.63079833775316,
  "peak_in_flight": 38,
  "observed_tasks_at_dispatch": 144,
  "mean_initial_queue_wait_ms": 33.12068445003433,
  "queue_size_initial": 100,
  "connection_ceiling": 1625,
  "effective_concurrency_final": 128,
  "retry_attempts": 0,
  "timeouts": 0,
  "console_mode": "normal",
  "total_seconds": 1.7873061960000314,
  "cpu_seconds": 1.794396465,
  "cpu_percent_one_core": 100.39670141668151,
  "peak_rss_mib": 52.19140625
}
