{
  "schema": 1,
  "mode": "scan",
  "version": "scanner_hybrid_rebuild_20260928",
  "python": "3.12.14",
  "platform": "Linux-6.18.44-x86_64-with-glibc2.39",
  "workers": 100,
  "accounts": 100,
  "pages_per_direction": 3,
  "members_per_page": 20,
  "raw_enabled": true,
  "latency_model_seconds": 0.02,
  "proxy_routes": 0,
  "network": "HTTPX MockTransport; no TCP/TLS/service measurements",
  "startup_seconds": 0.06759506799994597,
  "dataset_import_seconds": 0.005186969000078534,
  "html_generation_seconds": 0.0343182380000826,
  "html_bytes": 51795,
  "resume_seconds": 0.00482764900004895,
  "scan_seconds": 1.6703200800000104,
  "total_requests": 700,
  "successful_requests": 700,
  "failed_requests": 0,
  "requests_per_second": 419.08135355709527,
  "successful_requests_per_second": 419.08135355709527,
  "failed_requests_per_second": 0,
  "accounts_per_second": 59.86876479387075,
  "accounts_per_minute": 3592.125887632245,
  "latency_mean_ms": 20.343470534287622,
  "latency_median_ms": 20.26393350001854,
  "latency_p95_ms": 20.89236400001937,
  "latency_p99_ms": 21.199273999968682,
  "event_loop_p95_ms": 0.9471990000338333,
  "event_loop_max_ms": 2.356873000035193,
  "peak_cpu_percent_one_core": 130.2880309599409,
  "peak_in_flight": 38,
  "observed_tasks_at_dispatch": 144,
  "mean_initial_queue_wait_ms": 22.857859419951865,
  "queue_size_initial": 100,
  "connection_ceiling": 100,
  "effective_concurrency_final": 100,
  "retry_attempts": 0,
  "timeouts": 0,
  "console_mode": "normal",
  "total_seconds": 1.7166638319999947,
  "cpu_seconds": 1.701834,
  "cpu_percent_one_core": 99.13612486477814,
  "peak_rss_mib": 60.796875
}
