{
  "schema": 1,
  "mode": "scan",
  "version": "scanner_hybrid_rebuild_20260928",
  "python": "3.12.14",
  "platform": "Linux-6.18.44-x86_64-with-glibc2.39",
  "workers": 500,
  "accounts": 100,
  "pages_per_direction": 3,
  "members_per_page": 20,
  "raw_enabled": true,
  "latency_model_seconds": 0.02,
  "proxy_routes": 0,
  "network": "HTTPX MockTransport; no TCP/TLS/service measurements",
  "startup_seconds": 0.029756868999925246,
  "dataset_import_seconds": 0.003939026000011836,
  "html_generation_seconds": 0.04191209499992965,
  "html_bytes": 51795,
  "resume_seconds": 0.005265384999916023,
  "scan_seconds": 1.8756817869999622,
  "total_requests": 700,
  "successful_requests": 700,
  "failed_requests": 0,
  "requests_per_second": 373.1976313101632,
  "successful_requests_per_second": 373.1976313101632,
  "failed_requests_per_second": 0,
  "accounts_per_second": 53.31394733002332,
  "accounts_per_minute": 3198.836839801399,
  "latency_mean_ms": 20.394721538572185,
  "latency_median_ms": 20.290108499978032,
  "latency_p95_ms": 20.95209700007672,
  "latency_p99_ms": 21.575632000008227,
  "event_loop_p95_ms": 0.9941350000235611,
  "event_loop_max_ms": 6.443420000077822,
  "peak_cpu_percent_one_core": 139.1401731330173,
  "peak_in_flight": 35,
  "observed_tasks_at_dispatch": 141,
  "mean_initial_queue_wait_ms": 32.73469356995065,
  "queue_size_initial": 100,
  "connection_ceiling": 500,
  "effective_concurrency_final": 128,
  "retry_attempts": 0,
  "timeouts": 0,
  "console_mode": "normal",
  "total_seconds": 1.9285587919999898,
  "cpu_seconds": 1.8772386449999998,
  "cpu_percent_one_core": 97.33893790467394,
  "peak_rss_mib": 52.83203125
}
