{
  "schema": 1,
  "mode": "scan",
  "version": "scanner_hybrid_rebuild_20260928",
  "python": "3.12.14",
  "platform": "Linux-6.18.44-x86_64-with-glibc2.39",
  "workers": 5000,
  "accounts": 100,
  "pages_per_direction": 3,
  "members_per_page": 20,
  "raw_enabled": true,
  "latency_model_seconds": 0.02,
  "proxy_routes": 0,
  "network": "HTTPX MockTransport; no TCP/TLS/service measurements",
  "startup_seconds": 0.029127775000006295,
  "dataset_import_seconds": 0.00364060000003974,
  "html_generation_seconds": 0.05302675300004012,
  "html_bytes": 51796,
  "resume_seconds": 0.005429972000001726,
  "scan_seconds": 1.7221028289999367,
  "total_requests": 700,
  "successful_requests": 700,
  "failed_requests": 0,
  "requests_per_second": 406.4797921541686,
  "successful_requests_per_second": 406.4797921541686,
  "failed_requests_per_second": 0,
  "accounts_per_second": 58.0685417363098,
  "accounts_per_minute": 3484.1125041785876,
  "latency_mean_ms": 20.367097207141896,
  "latency_median_ms": 20.276050000006762,
  "latency_p95_ms": 20.958614000051057,
  "latency_p99_ms": 21.306580999976177,
  "event_loop_p95_ms": 0.6403660000660234,
  "event_loop_max_ms": 1.2684480000007166,
  "peak_cpu_percent_one_core": 133.4862844910689,
  "peak_in_flight": 38,
  "observed_tasks_at_dispatch": 144,
  "mean_initial_queue_wait_ms": 27.87976573998435,
  "queue_size_initial": 100,
  "connection_ceiling": 1625,
  "effective_concurrency_final": 128,
  "retry_attempts": 0,
  "timeouts": 0,
  "console_mode": "normal",
  "total_seconds": 1.7861175400000775,
  "cpu_seconds": 1.780112932,
  "cpu_percent_one_core": 99.66381786945124,
  "peak_rss_mib": 52.609375
}
