{
  "schema": 1,
  "mode": "report",
  "version": "scanner-verification-4rq2x3tk",
  "python": "3.12.14",
  "platform": "Linux-6.17.0-1022-azure-x86_64-with-glibc2.39",
  "workers": 2500,
  "accounts": 180000,
  "pages_per_direction": 12,
  "members_per_page": 20,
  "raw_enabled": true,
  "latency_model_seconds": 0.02,
  "proxy_routes": 0,
  "network": "HTTPX MockTransport; no TCP/TLS/service measurements",
  "startup_seconds": 0.10980381199999556,
  "fixture_seconds": 9.718338936999999,
  "resume_seconds": 0.3968446609999887,
  "checkpoint_mean_seconds": 0.008212079049999942,
  "summary_mean_seconds": 0.00605829485000001,
  "retry_candidates": 3600,
  "failed_lookup_seconds": 0.00027812100000801365,
  "html_generation_seconds": 12.405727581999997,
  "html_bytes": 19324258,
  "report_path": "/home/runner/work/_temp/scanner-verification-4rq2x3tk/results/report_12y73uhg/report_report_12y73uhg.html",
  "total_seconds": 23.33593258500001,
  "cpu_seconds": 22.698152044,
  "cpu_percent_one_core": 97.26695927545676,
  "peak_rss_mib": 471.12109375
}
