{
  "schema": 1,
  "mode": "report",
  "version": "scanner-verification-4rq2x3tk",
  "python": "3.12.14",
  "platform": "Linux-6.17.0-1022-azure-x86_64-with-glibc2.39",
  "workers": 2500,
  "accounts": 180000,
  "pages_per_direction": 12,
  "members_per_page": 20,
  "raw_enabled": true,
  "latency_model_seconds": 0.02,
  "proxy_routes": 0,
  "network": "HTTPX MockTransport; no TCP/TLS/service measurements",
  "startup_seconds": 0.10731765200000609,
  "fixture_seconds": 9.736675300000002,
  "resume_seconds": 0.39369120699998916,
  "checkpoint_mean_seconds": 0.008231587100003424,
  "summary_mean_seconds": 0.006035764789999973,
  "retry_candidates": 3600,
  "failed_lookup_seconds": 0.0002711710000085077,
  "html_generation_seconds": 12.035519281999996,
  "html_bytes": 19323743,
  "report_path": "/home/runner/work/_temp/scanner-verification-4rq2x3tk/results/report_mbgzkvvb/report_report_mbgzkvvb.html",
  "total_seconds": 22.979484060999994,
  "cpu_seconds": 22.763258423,
  "cpu_percent_one_core": 99.05904920482106,
  "peak_rss_mib": 470.953125
}
