{
  "version": "scanner-verification-g2_cvehf",
  "python": "3.12.14",
  "scope": "local only; no upstream service measured",
  "parse_page_mean_seconds": 3.2122126899992056e-05,
  "serialize_page_mean_seconds": 0.00010910504200001014,
  "clean_page_mean_seconds": 5.7453679399986865e-05,
  "normalize_page_mean_seconds": 5.064759460001369e-05,
  "atomic_json_mean_seconds": 0.00110033661999978,
  "parse_proxy_mean_seconds": 9.86138900000242e-06,
  "member_commit_page_mean_seconds": 0.0006926907940001002,
  "duplicate_page_mean_seconds": 0.00036647557800006323,
  "member_rows": 10000,
  "wire_0_proxies": {
    "seconds": 2.999349184000039,
    "requests_per_second": 213.3796236243735,
    "requests": 640,
    "successes": 640,
    "failures": 0,
    "retries": 0,
    "timeouts": 0,
    "latency_mean_ms": 148.00179289218002,
    "latency_p95_ms": 335.72650599990084,
    "client_count": 1,
    "tcp_tls_connections": 24,
    "connect_tunnels": 0,
    "requests_per_connection": 26.666666666666668,
    "peak_in_flight": 32,
    "cpu_seconds": 2.997103623
  },
  "wire_1_proxies": {
    "seconds": 3.570408716999964,
    "requests_per_second": 179.25118683268286,
    "requests": 640,
    "successes": 640,
    "failures": 0,
    "retries": 0,
    "timeouts": 0,
    "latency_mean_ms": 176.36588866562482,
    "latency_p95_ms": 394.16536600015206,
    "client_count": 1,
    "tcp_tls_connections": 32,
    "connect_tunnels": 32,
    "requests_per_connection": 20.0,
    "peak_in_flight": 32,
    "cpu_seconds": 3.56890734
  },
  "wire_4_proxies": {
    "seconds": 1.3877991609999754,
    "requests_per_second": 461.16182945293724,
    "requests": 640,
    "successes": 640,
    "failures": 0,
    "retries": 0,
    "timeouts": 0,
    "latency_mean_ms": 68.34186219999374,
    "latency_p95_ms": 151.5357739999672,
    "client_count": 4,
    "tcp_tls_connections": 32,
    "connect_tunnels": 32,
    "requests_per_connection": 20.0,
    "peak_in_flight": 32,
    "cpu_seconds": 1.387644302
  },
  "peak_rss_mib": 63.515625
}
